\BOOKMARK [1][-]{Doc-Start}{\376\377\000I\000n\000t\000r\000o\000d\000u\000c\000t\000i\000o\000n\000\040\000a\000n\000d\000\040\000C\000o\000m\000p\000r\000e\000h\000e\000n\000s\000i\000v\000e\000\040\000O\000v\000e\000r\000v\000i\000e\000w\000\040\000o\000f\000\040\000t\000h\000e\000\040\000D\000a\000t\000a\000s\000e\000t}{}% 1
\BOOKMARK [2][-]{section*.1}{\376\377\000I\000n\000t\000r\000o\000d\000u\000c\000t\000i\000o\000n\000\040\000t\000o\000\040\000t\000h\000e\000\040\000M\000V\000T\000e\000c\000\040\000A\000D\000\040\000D\000a\000t\000a\000s\000e\000t}{Doc-Start}% 2
\BOOKMARK [2][-]{section*.1}{\376\377\000D\000a\000t\000a\000\040\000S\000t\000r\000u\000c\000t\000u\000r\000e\000\040\000a\000n\000d\000\040\000A\000r\000c\000h\000i\000t\000e\000c\000t\000u\000r\000e}{Doc-Start}% 3
\BOOKMARK [2][-]{section*.1}{\376\377\000C\000l\000a\000s\000s\000\040\000D\000i\000v\000e\000r\000s\000i\000t\000y\000\040\000a\000n\000d\000\040\000P\000r\000o\000c\000e\000s\000s\000i\000n\000g\000\040\000C\000h\000a\000l\000l\000e\000n\000g\000e\000s}{Doc-Start}% 4
\BOOKMARK [2][-]{section*.1}{\376\377\000D\000a\000t\000a\000-\000C\000e\000n\000t\000r\000i\000c\000\040\000A\000I\000\040\000A\000p\000p\000r\000o\000a\000c\000h\000\040\000a\000n\000d\000\040\000C\000u\000s\000t\000o\000m\000\040\000P\000r\000e\000p\000r\000o\000c\000e\000s\000s\000i\000n\000g}{Doc-Start}% 5
\BOOKMARK [1][-]{section.1}{\376\377\000D\000a\000t\000a\000s\000e\000t\000\040\000C\000o\000l\000l\000e\000c\000t\000i\000o\000n\000,\000\040\000S\000t\000r\000u\000c\000t\000u\000r\000i\000n\000g\000,\000\040\000a\000n\000d\000\040\000P\000r\000e\000p\000a\000r\000a\000t\000i\000o\000n\000\040\000f\000o\000r\000\040\000R\000e\000p\000r\000o\000d\000u\000c\000i\000b\000i\000l\000i\000t\000y}{}% 6
\BOOKMARK [2][-]{subsection.1.1}{\376\377\000C\000l\000o\000u\000d\000\040\000S\000t\000o\000r\000a\000g\000e\000\040\000I\000n\000t\000e\000g\000r\000a\000t\000i\000o\000n\000\040\000\050\000L\000o\000a\000d\000\040\000f\000r\000o\000m\000\040\000G\000o\000o\000g\000l\000e\000\040\000D\000r\000i\000v\000e\000\051}{section.1}% 7
\BOOKMARK [2][-]{subsection.1.2}{\376\377\000D\000a\000t\000a\000\040\000A\000c\000q\000u\000i\000s\000i\000t\000i\000o\000n\000\040\000a\000n\000d\000\040\000P\000r\000e\000p\000a\000r\000a\000t\000i\000o\000n\000\040\000f\000r\000o\000m\000\040\000K\000a\000g\000g\000l\000e\000\040\000\050\000L\000o\000a\000d\000\040\000f\000r\000o\000m\000\040\000K\000a\000g\000g\000l\000e\000\051}{section.1}% 8
\BOOKMARK [2][-]{subsection.1.3}{\376\377\000D\000a\000t\000a\000\040\000T\000r\000a\000n\000s\000f\000e\000r\000\040\000t\000o\000\040\000R\000o\000b\000o\000f\000l\000o\000w\000\040\000\050\000U\000p\000l\000o\000a\000d\000\040\000t\000o\000\040\000R\000o\000b\000o\000f\000l\000o\000w\000\051}{section.1}% 9
\BOOKMARK [1][-]{section.2}{\376\377\000A\000u\000t\000o\000m\000a\000t\000e\000d\000\040\000B\000o\000u\000n\000d\000i\000n\000g\000\040\000B\000o\000x\000\040\000G\000e\000n\000e\000r\000a\000t\000i\000o\000n}{}% 10
\BOOKMARK [2][-]{subsection.2.1}{\376\377\000R\000e\000c\000t\000i\000f\000i\000c\000a\000t\000i\000o\000n\000\040\000a\000n\000d\000\040\000A\000n\000n\000o\000t\000a\000t\000i\000o\000n\000\040\000o\000f\000\040\000T\000r\000a\000n\000s\000i\000s\000t\000o\000r\000\040\000C\000l\000a\000s\000s\000\040\000i\000n\000\040\000R\000o\000b\000o\000f\000l\000o\000w}{section.2}% 11
\BOOKMARK [2][-]{subsection.2.2}{\376\377\000V\000i\000s\000u\000a\000l\000\040\000V\000e\000r\000i\000f\000i\000c\000a\000t\000i\000o\000n\000\040\000o\000f\000\040\000Y\000O\000L\000O\000\040\000L\000a\000b\000e\000l\000s}{section.2}% 12
\BOOKMARK [2][-]{subsection.2.3}{\376\377\000E\000x\000p\000l\000o\000r\000a\000t\000o\000r\000y\000\040\000D\000a\000t\000a\000\040\000A\000n\000a\000l\000y\000s\000i\000s\000\040\000\050\000E\000D\000A\000\051\000\040\000a\000n\000d\000\040\000S\000t\000a\000t\000i\000s\000t\000i\000c\000a\000l\000\040\000V\000i\000s\000u\000a\000l\000i\000z\000a\000t\000i\000o\000n}{section.2}% 13
\BOOKMARK [3][-]{subsubsection.2.3.1}{\376\377\000A\000n\000a\000l\000y\000s\000i\000s\000\040\000o\000f\000\040\000C\000l\000a\000s\000s\000\040\000D\000i\000s\000t\000r\000i\000b\000u\000t\000i\000o\000n\000\040\000C\000h\000a\000r\000t\000\040\000\050\000C\000l\000a\000s\000s\000\040\000D\000i\000s\000t\000r\000i\000b\000u\000t\000i\000o\000n\000\040\000i\000n\000\040\000T\000r\000a\000i\000n\000i\000n\000g\000\040\000S\000e\000t\000\051}{subsection.2.3}% 14
\BOOKMARK [3][-]{subsubsection.2.3.2}{\376\377\000A\000n\000a\000l\000y\000s\000i\000s\000\040\000o\000f\000\040\000O\000b\000j\000e\000c\000t\000\040\000S\000i\000z\000e\000\040\000D\000i\000s\000t\000r\000i\000b\000u\000t\000i\000o\000n\000\040\000C\000h\000a\000r\000t\000\040\000\050\000O\000b\000j\000e\000c\000t\000\040\000S\000i\000z\000e\000\040\000D\000i\000s\000t\000r\000i\000b\000u\000t\000i\000o\000n\000\040\000b\000y\000\040\000C\000l\000a\000s\000s\000\051}{subsection.2.3}% 15
\BOOKMARK [3][-]{subsubsection.2.3.3}{\376\377\000A\000n\000a\000l\000y\000s\000i\000s\000\040\000o\000f\000\040\000B\000o\000u\000n\000d\000i\000n\000g\000\040\000B\000o\000x\000\040\000D\000i\000m\000e\000n\000s\000i\000o\000n\000s\000\040\000\050\000W\000i\000d\000t\000h\000\040\000v\000s\000.\000\040\000H\000e\000i\000g\000h\000t\000\040\000S\000c\000a\000t\000t\000e\000r\000\040\000P\000l\000o\000t\000\051}{subsection.2.3}% 16
\BOOKMARK [1][-]{section.3}{\376\377\000Y\000O\000L\000O\000v\0008\000n\000\040\000T\000r\000a\000i\000n\000i\000n\000g}{}% 17
\BOOKMARK [2][-]{subsection.3.1}{\376\377\000T\000r\000a\000i\000n\000i\000n\000g\000\040\000O\000u\000t\000p\000u\000t\000\040\000A\000n\000a\000l\000y\000s\000i\000s}{section.3}% 18
\BOOKMARK [3][-]{subsubsection.3.1.1}{\376\377\000T\000e\000m\000p\000o\000r\000a\000l\000\040\000\046\000\040\000R\000e\000s\000o\000u\000r\000c\000e\000\040\000A\000n\000a\000l\000y\000s\000i\000s}{subsection.3.1}% 19
\BOOKMARK [3][-]{subsubsection.3.1.2}{\376\377\000M\000o\000d\000e\000l\000\040\000C\000o\000m\000p\000l\000e\000x\000i\000t\000y\000\040\000\046\000\040\000P\000a\000r\000a\000m\000e\000t\000e\000r\000s}{subsection.3.1}% 20
\BOOKMARK [3][-]{subsubsection.3.1.3}{\376\377\000I\000n\000f\000e\000r\000e\000n\000c\000e\000\040\000S\000p\000e\000e\000d\000\040\000\046\000\040\000R\000e\000a\000l\000-\000t\000i\000m\000e\000\040\000C\000a\000p\000a\000b\000i\000l\000i\000t\000y}{subsection.3.1}% 21
\BOOKMARK [3][-]{subsubsection.3.1.4}{\376\377\000P\000e\000r\000f\000o\000r\000m\000a\000n\000c\000e\000\040\000\046\000\040\000M\000e\000t\000r\000i\000c\000s\000\040\000B\000r\000e\000a\000k\000d\000o\000w\000n}{subsection.3.1}% 22
\BOOKMARK [2][-]{subsection.3.2}{\376\377\000O\000b\000s\000e\000r\000v\000a\000t\000i\000o\000n\000s\000,\000\040\000M\000e\000t\000r\000i\000c\000s\000,\000\040\000a\000n\000d\000\040\000V\000i\000s\000u\000a\000l\000\040\000E\000v\000a\000l\000u\000a\000t\000i\000o\000n}{section.3}% 23
\BOOKMARK [3][-]{subsubsection.3.2.1}{\376\377\000I\000o\000U\000\040\000M\000e\000t\000r\000i\000c}{subsection.3.2}% 24
\BOOKMARK [3][-]{subsubsection.3.2.2}{\376\377\000A\000n\000a\000l\000y\000s\000i\000s\000\040\000o\000f\000\040\000t\000h\000e\000\040\000N\000o\000r\000m\000a\000l\000i\000z\000e\000d\000\040\000C\000o\000n\000f\000u\000s\000i\000o\000n\000\040\000M\000a\000t\000r\000i\000x}{subsection.3.2}% 25
\BOOKMARK [3][-]{subsubsection.3.2.3}{\376\377\000T\000r\000a\000i\000n\000i\000n\000g\000\040\000R\000e\000s\000u\000l\000t\000s\000\040\000\046\000\040\000C\000o\000n\000v\000e\000r\000g\000e\000n\000c\000e\000\040\000A\000n\000a\000l\000y\000s\000i\000s}{subsection.3.2}% 26
\BOOKMARK [3][-]{subsubsection.3.2.4}{\376\377\000Q\000u\000a\000n\000t\000i\000t\000a\000t\000i\000v\000e\000\040\000A\000n\000a\000l\000y\000s\000i\000s\000:\000\040\000M\000e\000a\000n\000\040\000I\000o\000U\000\040\000E\000v\000a\000l\000u\000a\000t\000i\000o\000n}{subsection.3.2}% 27
\BOOKMARK [3][-]{subsubsection.3.2.5}{\376\377\000Q\000u\000a\000l\000i\000t\000a\000t\000i\000v\000e\000\040\000A\000n\000a\000l\000y\000s\000i\000s\000:\000\040\000V\000i\000s\000u\000a\000l\000\040\000A\000s\000s\000e\000s\000s\000m\000e\000n\000t\000\040\000o\000f\000\040\000I\000n\000f\000e\000r\000e\000n\000c\000e\000\040\000O\000u\000t\000p\000u\000t}{subsection.3.2}% 28
\BOOKMARK [1][-]{section.4}{\376\377\000A\000u\000t\000o\000m\000a\000t\000e\000d\000\040\000C\000r\000o\000p\000p\000i\000n\000g\000\040\000a\000n\000d\000\040\000M\000a\000s\000k\000\040\000S\000y\000n\000c\000h\000r\000o\000n\000i\000z\000a\000t\000i\000o\000n}{}% 29
\BOOKMARK [2][-]{subsection.4.1}{\376\377\000V\000i\000s\000u\000a\000l\000\040\000V\000e\000r\000i\000f\000i\000c\000a\000t\000i\000o\000n\000\040\000o\000f\000\040\000M\000a\000s\000k\000\040\000S\000y\000n\000c\000h\000r\000o\000n\000i\000z\000a\000t\000i\000o\000n}{section.4}% 30
\BOOKMARK [1][-]{section.5}{\376\377\000A\000n\000o\000m\000a\000l\000y\000\040\000D\000e\000t\000e\000c\000t\000i\000o\000n\000\040\000a\000c\000r\000o\000s\000s\000\040\000A\000l\000l\000\040\000C\000l\000a\000s\000s\000e\000s}{}% 31
\BOOKMARK [2][-]{subsection.5.1}{\376\377\000R\000e\000s\000N\000e\000t\000-\0001\0008\000\040\000T\000r\000a\000i\000n\000i\000n\000g\000\040\000\050\000P\000a\000t\000c\000h\000C\000o\000r\000e\000\040\000I\000m\000p\000l\000e\000m\000e\000n\000t\000a\000t\000i\000o\000n\000\051}{section.5}% 32
\BOOKMARK [2][-]{subsection.5.2}{\376\377\000R\000e\000s\000N\000e\000t\000-\0001\0008\000\040\000E\000v\000a\000l\000u\000a\000t\000i\000o\000n\000\040\000a\000n\000d\000\040\000M\000e\000t\000r\000i\000c\000\040\000E\000x\000t\000r\000a\000c\000t\000i\000o\000n}{section.5}% 33
\BOOKMARK [3][-]{subsubsection.5.2.1}{\376\377\000I\000m\000a\000g\000e\000-\000L\000e\000v\000e\000l\000\040\000A\000n\000a\000l\000y\000s\000i\000s\000:\000\040\000P\000r\000o\000d\000u\000c\000t\000i\000o\000n\000\040\000L\000i\000n\000e\000\040\000M\000a\000c\000r\000o\000\040\000D\000e\000c\000i\000s\000i\000o\000n\000-\000M\000a\000k\000i\000n\000g}{subsection.5.2}% 34
\BOOKMARK [3][-]{subsubsection.5.2.2}{\376\377\000P\000i\000x\000e\000l\000-\000L\000e\000v\000e\000l\000\040\000A\000n\000a\000l\000y\000s\000i\000s\000:\000\040\000F\000i\000n\000e\000-\000G\000r\000a\000i\000n\000e\000d\000\040\000A\000n\000o\000m\000a\000l\000y\000\040\000L\000o\000c\000a\000l\000i\000z\000a\000t\000i\000o\000n}{subsection.5.2}% 35
\BOOKMARK [2][-]{subsection.5.3}{\376\377\000R\000e\000s\000N\000e\000t\000-\0001\0008\000\040\0005\000-\000P\000a\000n\000e\000l\000\040\000I\000n\000f\000e\000r\000e\000n\000c\000e\000\040\000E\000n\000g\000i\000n\000e}{section.5}% 36
\BOOKMARK [2][-]{subsection.5.4}{\376\377\000R\000e\000s\000N\000e\000t\000-\0005\0000\000\040\000T\000r\000a\000i\000n\000i\000n\000g\000\040\000\050\000P\000a\000t\000c\000h\000C\000o\000r\000e\000\040\000I\000m\000p\000l\000e\000m\000e\000n\000t\000a\000t\000i\000o\000n\000\051}{section.5}% 37
\BOOKMARK [2][-]{subsection.5.5}{\376\377\000R\000e\000s\000N\000e\000t\000-\0005\0000\000\040\000E\000v\000a\000l\000u\000a\000t\000i\000o\000n\000\040\000a\000n\000d\000\040\000M\000e\000t\000r\000i\000c\000s\000\040\000E\000x\000t\000r\000a\000c\000t\000i\000o\000n}{section.5}% 38
\BOOKMARK [3][-]{subsubsection.5.5.1}{\376\377\000I\000m\000a\000g\000e\000-\000L\000e\000v\000e\000l\000\040\000A\000n\000a\000l\000y\000s\000i\000s\000:\000\040\000P\000r\000o\000d\000u\000c\000t\000i\000o\000n\000\040\000L\000i\000n\000e\000\040\000M\000a\000c\000r\000o\000\040\000D\000e\000c\000i\000s\000i\000o\000n\000-\000M\000a\000k\000i\000n\000g}{subsection.5.5}% 39
\BOOKMARK [3][-]{subsubsection.5.5.2}{\376\377\000P\000i\000x\000e\000l\000-\000L\000e\000v\000e\000l\000\040\000A\000n\000a\000l\000y\000s\000i\000s\000:\000\040\000P\000r\000e\000c\000i\000s\000e\000\040\000A\000n\000o\000m\000a\000l\000y\000\040\000L\000o\000c\000a\000l\000i\000z\000a\000t\000i\000o\000n}{subsection.5.5}% 40
\BOOKMARK [2][-]{subsection.5.6}{\376\377\000R\000e\000s\000N\000e\000t\000-\0005\0000\000\040\0005\000-\000P\000a\000n\000e\000l\000\040\000I\000n\000f\000e\000r\000e\000n\000c\000e\000\040\000E\000n\000g\000i\000n\000e}{section.5}% 41
\BOOKMARK [2][-]{subsection.5.7}{\376\377\000C\000o\000m\000p\000r\000e\000h\000e\000n\000s\000i\000v\000e\000\040\000A\000n\000a\000l\000y\000s\000i\000s\000\040\000a\000n\000d\000\040\000C\000o\000m\000p\000a\000r\000i\000s\000o\000n\000:\000\040\000R\000e\000s\000N\000e\000t\000-\0001\0008\000\040\000v\000s\000.\000\040\000W\000i\000d\000e\000\137\000R\000e\000s\000N\000e\000t\0005\0000\000\137\0002}{section.5}% 42
\BOOKMARK [2][-]{subsection.5.8}{\376\377\000V\000i\000s\000u\000a\000l\000\040\000C\000o\000m\000p\000a\000r\000i\000s\000o\000n}{section.5}% 43
\BOOKMARK [3][-]{subsubsection.5.8.1}{\376\377\000V\000i\000s\000u\000a\000l\000\040\000P\000e\000r\000f\000o\000r\000m\000a\000n\000c\000e\000\040\000C\000o\000m\000p\000a\000r\000i\000s\000o\000n\000\040\000i\000n\000\040\000t\000h\000e\000\040\000B\000o\000t\000t\000l\000e\000\040\000C\000l\000a\000s\000s\000\040\000\050\000B\000O\000T\000T\000L\000E\000\051}{subsection.5.8}% 44
\BOOKMARK [3][-]{subsubsection.5.8.2}{\376\377\000V\000i\000s\000u\000a\000l\000\040\000P\000e\000r\000f\000o\000r\000m\000a\000n\000c\000e\000\040\000C\000o\000m\000p\000a\000r\000i\000s\000o\000n\000\040\000i\000n\000\040\000t\000h\000e\000\040\000C\000a\000b\000l\000e\000\040\000C\000l\000a\000s\000s\000\040\000\050\000C\000A\000B\000L\000E\000\051}{subsection.5.8}% 45
\BOOKMARK [3][-]{subsubsection.5.8.3}{\376\377\000V\000i\000s\000u\000a\000l\000\040\000P\000e\000r\000f\000o\000r\000m\000a\000n\000c\000e\000\040\000C\000o\000m\000p\000a\000r\000i\000s\000o\000n\000\040\000i\000n\000\040\000t\000h\000e\000\040\000M\000e\000t\000a\000l\000\040\000N\000u\000t\000\040\000C\000l\000a\000s\000s\000\040\000\050\000M\000e\000t\000a\000l\000\137\000N\000u\000t\000\051}{subsection.5.8}% 46
\BOOKMARK [3][-]{subsubsection.5.8.4}{\376\377\000V\000i\000s\000u\000a\000l\000\040\000P\000e\000r\000f\000o\000r\000m\000a\000n\000c\000e\000\040\000C\000o\000m\000p\000a\000r\000i\000s\000o\000n\000\040\000i\000n\000\040\000t\000h\000e\000\040\000S\000c\000r\000e\000w\000\040\000C\000l\000a\000s\000s\000\040\000\050\000S\000C\000R\000E\000W\000\051}{subsection.5.8}% 47
\BOOKMARK [3][-]{subsubsection.5.8.5}{\376\377\000V\000i\000s\000u\000a\000l\000\040\000P\000e\000r\000f\000o\000r\000m\000a\000n\000c\000e\000\040\000C\000o\000m\000p\000a\000r\000i\000s\000o\000n\000\040\000i\000n\000\040\000t\000h\000e\000\040\000T\000o\000o\000t\000h\000b\000r\000u\000s\000h\000\040\000C\000l\000a\000s\000s\000\040\000\050\000T\000o\000o\000t\000h\000B\000r\000u\000s\000h\000\051}{subsection.5.8}% 48
\BOOKMARK [3][-]{subsubsection.5.8.6}{\376\377\000V\000i\000s\000u\000a\000l\000\040\000P\000e\000r\000f\000o\000r\000m\000a\000n\000c\000e\000\040\000C\000o\000m\000p\000a\000r\000i\000s\000o\000n\000\040\000i\000n\000\040\000t\000h\000e\000\040\000T\000r\000a\000n\000s\000i\000s\000t\000o\000r\000\040\000C\000l\000a\000s\000s\000\040\000\050\000T\000R\000A\000N\000S\000I\000S\000T\000O\000R\000\051}{subsection.5.8}% 49
\BOOKMARK [1][-]{section.6}{\376\377\000P\000a\000c\000k\000a\000g\000i\000n\000g\000\040\000a\000n\000d\000\040\000D\000e\000p\000l\000o\000y\000m\000e\000n\000t\000\040\000R\000e\000a\000d\000i\000n\000e\000s\000s}{}% 50
\BOOKMARK [1][-]{section.7}{\376\377\000S\000i\000m\000u\000l\000a\000t\000i\000o\000n}{}% 51
\BOOKMARK [2][-]{subsection.7.1}{\376\377\000S\000i\000m\000u\000l\000a\000t\000i\000o\000n\000\040\000S\000e\000c\000t\000i\000o\000n\000\040\000D\000o\000c\000u\000m\000e\000n\000t\000a\000t\000i\000o\000n\000:\000\040\000T\000h\000e\000\040\000c\000o\000n\000f\000i\000g\000.\000p\000y\000\040\000M\000o\000d\000u\000l\000e}{section.7}% 52
\BOOKMARK [3][-]{subsubsection.7.1.1}{\376\377\000M\000o\000d\000u\000l\000e\000\040\000O\000v\000e\000r\000v\000i\000e\000w}{subsection.7.1}% 53
\BOOKMARK [3][-]{subsubsection.7.1.2}{\376\377\000D\000e\000s\000i\000g\000n\000\040\000O\000b\000j\000e\000c\000t\000i\000v\000e\000s}{subsection.7.1}% 54
\BOOKMARK [3][-]{subsubsection.7.1.3}{\376\377\000R\000o\000l\000e\000\040\000w\000i\000t\000h\000i\000n\000\040\000t\000h\000e\000\040\000O\000v\000e\000r\000a\000l\000l\000\040\000S\000y\000s\000t\000e\000m}{subsection.7.1}% 55
\BOOKMARK [3][-]{subsubsection.7.1.4}{\376\377\000G\000e\000n\000e\000r\000a\000l\000\040\000S\000t\000r\000u\000c\000t\000u\000r\000e\000\040\000a\000n\000d\000\040\000K\000e\000y\000\040\000C\000o\000m\000p\000o\000n\000e\000n\000t\000s}{subsection.7.1}% 56
\BOOKMARK [3][-]{subsubsection.7.1.5}{\376\377\000M\000o\000d\000e\000\040\000o\000f\000\040\000O\000p\000e\000r\000a\000t\000i\000o\000n}{subsection.7.1}% 57
\BOOKMARK [3][-]{subsubsection.7.1.6}{\376\377\000I\000n\000t\000e\000r\000-\000M\000o\000d\000u\000l\000e\000\040\000C\000o\000n\000n\000e\000c\000t\000i\000v\000i\000t\000y}{subsection.7.1}% 58
\BOOKMARK [3][-]{subsubsection.7.1.7}{\376\377\000S\000u\000m\000m\000a\000r\000y}{subsection.7.1}% 59
\BOOKMARK [2][-]{subsection.7.2}{\376\377\000S\000i\000m\000u\000l\000a\000t\000i\000o\000n\000\040\000S\000e\000c\000t\000i\000o\000n\000\040\000D\000o\000c\000u\000m\000e\000n\000t\000a\000t\000i\000o\000n\000:\000\040\000T\000h\000e\000\040\000l\000o\000g\000g\000i\000n\000g\000\137\000c\000o\000n\000f\000i\000g\000.\000p\000y\000\040\000M\000o\000d\000u\000l\000e}{section.7}% 60
\BOOKMARK [3][-]{subsubsection.7.2.1}{\376\377\000M\000o\000d\000u\000l\000e\000\040\000O\000v\000e\000r\000v\000i\000e\000w}{subsection.7.2}% 61
\BOOKMARK [3][-]{subsubsection.7.2.2}{\376\377\000D\000e\000s\000i\000g\000n\000\040\000O\000b\000j\000e\000c\000t\000i\000v\000e\000s}{subsection.7.2}% 62
\BOOKMARK [3][-]{subsubsection.7.2.3}{\376\377\000R\000o\000l\000e\000\040\000w\000i\000t\000h\000i\000n\000\040\000t\000h\000e\000\040\000O\000v\000e\000r\000a\000l\000l\000\040\000S\000y\000s\000t\000e\000m}{subsection.7.2}% 63
\BOOKMARK [3][-]{subsubsection.7.2.4}{\376\377\000G\000e\000n\000e\000r\000a\000l\000\040\000S\000t\000r\000u\000c\000t\000u\000r\000e\000\040\000a\000n\000d\000\040\000K\000e\000y\000\040\000C\000o\000m\000p\000o\000n\000e\000n\000t\000s}{subsection.7.2}% 64
\BOOKMARK [3][-]{subsubsection.7.2.5}{\376\377\000M\000o\000d\000e\000\040\000o\000f\000\040\000O\000p\000e\000r\000a\000t\000i\000o\000n}{subsection.7.2}% 65
\BOOKMARK [3][-]{subsubsection.7.2.6}{\376\377\000I\000n\000t\000e\000r\000-\000M\000o\000d\000u\000l\000e\000\040\000C\000o\000n\000n\000e\000c\000t\000i\000v\000i\000t\000y}{subsection.7.2}% 66
\BOOKMARK [3][-]{subsubsection.7.2.7}{\376\377\000S\000u\000m\000m\000a\000r\000y}{subsection.7.2}% 67
\BOOKMARK [2][-]{subsection.7.3}{\376\377\000S\000i\000m\000u\000l\000a\000t\000i\000o\000n\000\040\000S\000e\000c\000t\000i\000o\000n\000\040\000D\000o\000c\000u\000m\000e\000n\000t\000a\000t\000i\000o\000n\000:\000\040\000T\000h\000e\000\040\000u\000r\000d\000f\000\137\000u\000t\000i\000l\000s\000.\000p\000y\000\040\000M\000o\000d\000u\000l\000e}{section.7}% 68
\BOOKMARK [3][-]{subsubsection.7.3.1}{\376\377\000M\000o\000d\000u\000l\000e\000\040\000O\000v\000e\000r\000v\000i\000e\000w}{subsection.7.3}% 69
\BOOKMARK [3][-]{subsubsection.7.3.2}{\376\377\000D\000e\000s\000i\000g\000n\000\040\000O\000b\000j\000e\000c\000t\000i\000v\000e\000s}{subsection.7.3}% 70
\BOOKMARK [3][-]{subsubsection.7.3.3}{\376\377\000R\000o\000l\000e\000\040\000w\000i\000t\000h\000i\000n\000\040\000t\000h\000e\000\040\000O\000v\000e\000r\000a\000l\000l\000\040\000S\000y\000s\000t\000e\000m}{subsection.7.3}% 71
\BOOKMARK [3][-]{subsubsection.7.3.4}{\376\377\000G\000e\000n\000e\000r\000a\000l\000\040\000S\000t\000r\000u\000c\000t\000u\000r\000e\000\040\000a\000n\000d\000\040\000K\000e\000y\000\040\000C\000o\000m\000p\000o\000n\000e\000n\000t\000s}{subsection.7.3}% 72
\BOOKMARK [3][-]{subsubsection.7.3.5}{\376\377\000M\000o\000d\000e\000\040\000o\000f\000\040\000O\000p\000e\000r\000a\000t\000i\000o\000n}{subsection.7.3}% 73
\BOOKMARK [3][-]{subsubsection.7.3.6}{\376\377\000I\000n\000t\000e\000r\000-\000M\000o\000d\000u\000l\000e\000\040\000C\000o\000n\000n\000e\000c\000t\000i\000v\000i\000t\000y}{subsection.7.3}% 74
\BOOKMARK [3][-]{subsubsection.7.3.7}{\376\377\000S\000u\000m\000m\000a\000r\000y}{subsection.7.3}% 75
\BOOKMARK [2][-]{subsection.7.4}{\376\377\000S\000i\000m\000u\000l\000a\000t\000i\000o\000n\000\040\000S\000e\000c\000t\000i\000o\000n\000\040\000D\000o\000c\000u\000m\000e\000n\000t\000a\000t\000i\000o\000n\000:\000\040\000T\000h\000e\000\040\000o\000b\000j\000e\000c\000t\000s\000.\000p\000y\000\040\000M\000o\000d\000u\000l\000e}{section.7}% 76
\BOOKMARK [3][-]{subsubsection.7.4.1}{\376\377\000M\000o\000d\000u\000l\000e\000\040\000O\000v\000e\000r\000v\000i\000e\000w}{subsection.7.4}% 77
\BOOKMARK [3][-]{subsubsection.7.4.2}{\376\377\000D\000e\000s\000i\000g\000n\000\040\000O\000b\000j\000e\000c\000t\000i\000v\000e\000s}{subsection.7.4}% 78
\BOOKMARK [3][-]{subsubsection.7.4.3}{\376\377\000R\000o\000l\000e\000\040\000w\000i\000t\000h\000i\000n\000\040\000t\000h\000e\000\040\000O\000v\000e\000r\000a\000l\000l\000\040\000S\000y\000s\000t\000e\000m}{subsection.7.4}% 79
\BOOKMARK [3][-]{subsubsection.7.4.4}{\376\377\000G\000e\000n\000e\000r\000a\000l\000\040\000S\000t\000r\000u\000c\000t\000u\000r\000e\000\040\000a\000n\000d\000\040\000K\000e\000y\000\040\000C\000o\000m\000p\000o\000n\000e\000n\000t\000s}{subsection.7.4}% 80
\BOOKMARK [3][-]{subsubsection.7.4.5}{\376\377\000M\000o\000d\000e\000\040\000o\000f\000\040\000O\000p\000e\000r\000a\000t\000i\000o\000n}{subsection.7.4}% 81
\BOOKMARK [3][-]{subsubsection.7.4.6}{\376\377\000I\000n\000t\000e\000r\000-\000M\000o\000d\000u\000l\000e\000\040\000C\000o\000n\000n\000e\000c\000t\000i\000v\000i\000t\000y}{subsection.7.4}% 82
\BOOKMARK [3][-]{subsubsection.7.4.7}{\376\377\000S\000u\000m\000m\000a\000r\000y}{subsection.7.4}% 83
\BOOKMARK [2][-]{subsection.7.5}{\376\377\000S\000i\000m\000u\000l\000a\000t\000i\000o\000n\000\040\000S\000e\000c\000t\000i\000o\000n\000\040\000D\000o\000c\000u\000m\000e\000n\000t\000a\000t\000i\000o\000n\000:\000\040\000T\000h\000e\000\040\000c\000o\000n\000v\000e\000y\000o\000r\000.\000p\000y\000\040\000M\000o\000d\000u\000l\000e}{section.7}% 84
\BOOKMARK [3][-]{subsubsection.7.5.1}{\376\377\000M\000o\000d\000u\000l\000e\000\040\000O\000v\000e\000r\000v\000i\000e\000w}{subsection.7.5}% 85
\BOOKMARK [3][-]{subsubsection.7.5.2}{\376\377\000D\000e\000s\000i\000g\000n\000\040\000O\000b\000j\000e\000c\000t\000i\000v\000e\000s}{subsection.7.5}% 86
\BOOKMARK [3][-]{subsubsection.7.5.3}{\376\377\000R\000o\000l\000e\000\040\000w\000i\000t\000h\000i\000n\000\040\000t\000h\000e\000\040\000O\000v\000e\000r\000a\000l\000l\000\040\000S\000y\000s\000t\000e\000m}{subsection.7.5}% 87
\BOOKMARK [3][-]{subsubsection.7.5.4}{\376\377\000G\000e\000n\000e\000r\000a\000l\000\040\000S\000t\000r\000u\000c\000t\000u\000r\000e\000\040\000a\000n\000d\000\040\000K\000e\000y\000\040\000C\000o\000m\000p\000o\000n\000e\000n\000t\000s}{subsection.7.5}% 88
\BOOKMARK [3][-]{subsubsection.7.5.5}{\376\377\000M\000o\000d\000e\000\040\000o\000f\000\040\000O\000p\000e\000r\000a\000t\000i\000o\000n}{subsection.7.5}% 89
\BOOKMARK [3][-]{subsubsection.7.5.6}{\376\377\000I\000n\000t\000e\000r\000-\000M\000o\000d\000u\000l\000e\000\040\000C\000o\000n\000n\000e\000c\000t\000i\000v\000i\000t\000y}{subsection.7.5}% 90
\BOOKMARK [3][-]{subsubsection.7.5.7}{\376\377\000S\000u\000m\000m\000a\000r\000y}{subsection.7.5}% 91
\BOOKMARK [2][-]{subsection.7.6}{\376\377\000S\000i\000m\000u\000l\000a\000t\000i\000o\000n\000\040\000S\000e\000c\000t\000i\000o\000n\000\040\000D\000o\000c\000u\000m\000e\000n\000t\000a\000t\000i\000o\000n\000:\000\040\000T\000h\000e\000\040\000c\000a\000m\000e\000r\000a\000.\000p\000y\000\040\000M\000o\000d\000u\000l\000e}{section.7}% 92
\BOOKMARK [3][-]{subsubsection.7.6.1}{\376\377\000M\000o\000d\000u\000l\000e\000\040\000O\000v\000e\000r\000v\000i\000e\000w}{subsection.7.6}% 93
\BOOKMARK [3][-]{subsubsection.7.6.2}{\376\377\000D\000e\000s\000i\000g\000n\000\040\000O\000b\000j\000e\000c\000t\000i\000v\000e\000s}{subsection.7.6}% 94
\BOOKMARK [3][-]{subsubsection.7.6.3}{\376\377\000R\000o\000l\000e\000\040\000w\000i\000t\000h\000i\000n\000\040\000t\000h\000e\000\040\000O\000v\000e\000r\000a\000l\000l\000\040\000S\000y\000s\000t\000e\000m}{subsection.7.6}% 95
\BOOKMARK [3][-]{subsubsection.7.6.4}{\376\377\000G\000e\000n\000e\000r\000a\000l\000\040\000S\000t\000r\000u\000c\000t\000u\000r\000e\000\040\000a\000n\000d\000\040\000K\000e\000y\000\040\000C\000o\000m\000p\000o\000n\000e\000n\000t\000s}{subsection.7.6}% 96
\BOOKMARK [3][-]{subsubsection.7.6.5}{\376\377\000M\000o\000d\000e\000\040\000o\000f\000\040\000O\000p\000e\000r\000a\000t\000i\000o\000n}{subsection.7.6}% 97
\BOOKMARK [3][-]{subsubsection.7.6.6}{\376\377\000I\000n\000t\000e\000r\000-\000M\000o\000d\000u\000l\000e\000\040\000C\000o\000n\000n\000e\000c\000t\000i\000v\000i\000t\000y}{subsection.7.6}% 98
\BOOKMARK [3][-]{subsubsection.7.6.7}{\376\377\000S\000u\000m\000m\000a\000r\000y}{subsection.7.6}% 99
\BOOKMARK [2][-]{subsection.7.7}{\376\377\000S\000i\000m\000u\000l\000a\000t\000i\000o\000n\000\040\000S\000e\000c\000t\000i\000o\000n\000\040\000D\000o\000c\000u\000m\000e\000n\000t\000a\000t\000i\000o\000n\000:\000\040\000T\000h\000e\000\040\000v\000i\000s\000i\000o\000n\000.\000p\000y\000\040\000M\000o\000d\000u\000l\000e}{section.7}% 100
\BOOKMARK [3][-]{subsubsection.7.7.1}{\376\377\000M\000o\000d\000u\000l\000e\000\040\000O\000v\000e\000r\000v\000i\000e\000w}{subsection.7.7}% 101
\BOOKMARK [3][-]{subsubsection.7.7.2}{\376\377\000D\000e\000s\000i\000g\000n\000\040\000O\000b\000j\000e\000c\000t\000i\000v\000e\000s}{subsection.7.7}% 102
\BOOKMARK [3][-]{subsubsection.7.7.3}{\376\377\000R\000o\000l\000e\000\040\000w\000i\000t\000h\000i\000n\000\040\000t\000h\000e\000\040\000O\000v\000e\000r\000a\000l\000l\000\040\000S\000y\000s\000t\000e\000m}{subsection.7.7}% 103
\BOOKMARK [3][-]{subsubsection.7.7.4}{\376\377\000G\000e\000n\000e\000r\000a\000l\000\040\000S\000t\000r\000u\000c\000t\000u\000r\000e\000\040\000a\000n\000d\000\040\000K\000e\000y\000\040\000C\000o\000m\000p\000o\000n\000e\000n\000t\000s}{subsection.7.7}% 104
\BOOKMARK [3][-]{subsubsection.7.7.5}{\376\377\000M\000o\000d\000e\000\040\000o\000f\000\040\000O\000p\000e\000r\000a\000t\000i\000o\000n}{subsection.7.7}% 105
\BOOKMARK [3][-]{subsubsection.7.7.6}{\376\377\000I\000n\000t\000e\000r\000-\000M\000o\000d\000u\000l\000e\000\040\000C\000o\000n\000n\000e\000c\000t\000i\000v\000i\000t\000y}{subsection.7.7}% 106
\BOOKMARK [3][-]{subsubsection.7.7.7}{\376\377\000S\000u\000m\000m\000a\000r\000y}{subsection.7.7}% 107
\BOOKMARK [2][-]{subsection.7.8}{\376\377\000S\000i\000m\000u\000l\000a\000t\000i\000o\000n\000\040\000S\000e\000c\000t\000i\000o\000n\000\040\000D\000o\000c\000u\000m\000e\000n\000t\000a\000t\000i\000o\000n\000:\000\040\000T\000h\000e\000\040\000r\000o\000b\000o\000t\000.\000p\000y\000\040\000M\000o\000d\000u\000l\000e}{section.7}% 108
\BOOKMARK [3][-]{subsubsection.7.8.1}{\376\377\000M\000o\000d\000u\000l\000e\000\040\000O\000v\000e\000r\000v\000i\000e\000w}{subsection.7.8}% 109
\BOOKMARK [3][-]{subsubsection.7.8.2}{\376\377\000D\000e\000s\000i\000g\000n\000\040\000O\000b\000j\000e\000c\000t\000i\000v\000e\000s}{subsection.7.8}% 110
\BOOKMARK [3][-]{subsubsection.7.8.3}{\376\377\000R\000o\000l\000e\000\040\000w\000i\000t\000h\000i\000n\000\040\000t\000h\000e\000\040\000O\000v\000e\000r\000a\000l\000l\000\040\000S\000y\000s\000t\000e\000m}{subsection.7.8}% 111
\BOOKMARK [3][-]{subsubsection.7.8.4}{\376\377\000G\000e\000n\000e\000r\000a\000l\000\040\000S\000t\000r\000u\000c\000t\000u\000r\000e\000\040\000a\000n\000d\000\040\000K\000e\000y\000\040\000C\000o\000m\000p\000o\000n\000e\000n\000t\000s}{subsection.7.8}% 112
\BOOKMARK [3][-]{subsubsection.7.8.5}{\376\377\000M\000o\000d\000e\000\040\000o\000f\000\040\000O\000p\000e\000r\000a\000t\000i\000o\000n}{subsection.7.8}% 113
\BOOKMARK [3][-]{subsubsection.7.8.6}{\376\377\000I\000n\000t\000e\000r\000-\000M\000o\000d\000u\000l\000e\000\040\000C\000o\000n\000n\000e\000c\000t\000i\000v\000i\000t\000y}{subsection.7.8}% 114
\BOOKMARK [3][-]{subsubsection.7.8.7}{\376\377\000S\000u\000m\000m\000a\000r\000y}{subsection.7.8}% 115
\BOOKMARK [2][-]{subsection.7.9}{\376\377\000S\000i\000m\000u\000l\000a\000t\000i\000o\000n\000\040\000S\000e\000c\000t\000i\000o\000n\000\040\000D\000o\000c\000u\000m\000e\000n\000t\000a\000t\000i\000o\000n\000:\000\040\000T\000h\000e\000\040\000c\000o\000n\000t\000r\000o\000l\000l\000e\000r\000.\000p\000y\000\040\000M\000o\000d\000u\000l\000e}{section.7}% 116
\BOOKMARK [3][-]{subsubsection.7.9.1}{\376\377\000M\000o\000d\000u\000l\000e\000\040\000O\000v\000e\000r\000v\000i\000e\000w}{subsection.7.9}% 117
\BOOKMARK [3][-]{subsubsection.7.9.2}{\376\377\000D\000e\000s\000i\000g\000n\000\040\000O\000b\000j\000e\000c\000t\000i\000v\000e\000s}{subsection.7.9}% 118
\BOOKMARK [3][-]{subsubsection.7.9.3}{\376\377\000R\000o\000l\000e\000\040\000w\000i\000t\000h\000i\000n\000\040\000t\000h\000e\000\040\000O\000v\000e\000r\000a\000l\000l\000\040\000S\000y\000s\000t\000e\000m}{subsection.7.9}% 119
\BOOKMARK [3][-]{subsubsection.7.9.4}{\376\377\000G\000e\000n\000e\000r\000a\000l\000\040\000S\000t\000r\000u\000c\000t\000u\000r\000e\000\040\000a\000n\000d\000\040\000K\000e\000y\000\040\000C\000o\000m\000p\000o\000n\000e\000n\000t\000s}{subsection.7.9}% 120
\BOOKMARK [3][-]{subsubsection.7.9.5}{\376\377\000M\000o\000d\000e\000\040\000o\000f\000\040\000O\000p\000e\000r\000a\000t\000i\000o\000n}{subsection.7.9}% 121
\BOOKMARK [3][-]{subsubsection.7.9.6}{\376\377\000I\000n\000t\000e\000r\000-\000M\000o\000d\000u\000l\000e\000\040\000C\000o\000n\000n\000e\000c\000t\000i\000v\000i\000t\000y}{subsection.7.9}% 122
\BOOKMARK [3][-]{subsubsection.7.9.7}{\376\377\000S\000u\000m\000m\000a\000r\000y}{subsection.7.9}% 123
\BOOKMARK [2][-]{subsection.7.10}{\376\377\000S\000i\000m\000u\000l\000a\000t\000i\000o\000n\000\040\000S\000e\000c\000t\000i\000o\000n\000\040\000D\000o\000c\000u\000m\000e\000n\000t\000a\000t\000i\000o\000n\000:\000\040\000T\000h\000e\000\040\000s\000i\000m\000u\000l\000a\000t\000i\000o\000n\000.\000p\000y\000\040\000M\000o\000d\000u\000l\000e}{section.7}% 124
\BOOKMARK [3][-]{subsubsection.7.10.1}{\376\377\000M\000o\000d\000u\000l\000e\000\040\000O\000v\000e\000r\000v\000i\000e\000w}{subsection.7.10}% 125
\BOOKMARK [3][-]{subsubsection.7.10.2}{\376\377\000D\000e\000s\000i\000g\000n\000\040\000O\000b\000j\000e\000c\000t\000i\000v\000e\000s}{subsection.7.10}% 126
\BOOKMARK [3][-]{subsubsection.7.10.3}{\376\377\000R\000o\000l\000e\000\040\000w\000i\000t\000h\000i\000n\000\040\000t\000h\000e\000\040\000O\000v\000e\000r\000a\000l\000l\000\040\000S\000y\000s\000t\000e\000m}{subsection.7.10}% 127
\BOOKMARK [3][-]{subsubsection.7.10.4}{\376\377\000G\000e\000n\000e\000r\000a\000l\000\040\000S\000t\000r\000u\000c\000t\000u\000r\000e\000\040\000a\000n\000d\000\040\000K\000e\000y\000\040\000C\000o\000m\000p\000o\000n\000e\000n\000t\000s}{subsection.7.10}% 128
\BOOKMARK [3][-]{subsubsection.7.10.5}{\376\377\000M\000o\000d\000e\000\040\000o\000f\000\040\000O\000p\000e\000r\000a\000t\000i\000o\000n}{subsection.7.10}% 129
\BOOKMARK [3][-]{subsubsection.7.10.6}{\376\377\000I\000n\000t\000e\000r\000-\000M\000o\000d\000u\000l\000e\000\040\000C\000o\000n\000n\000e\000c\000t\000i\000v\000i\000t\000y}{subsection.7.10}% 130
\BOOKMARK [3][-]{subsubsection.7.10.7}{\376\377\000S\000u\000m\000m\000a\000r\000y}{subsection.7.10}% 131
\BOOKMARK [2][-]{subsection.7.11}{\376\377\000S\000i\000m\000u\000l\000a\000t\000i\000o\000n\000\040\000S\000e\000c\000t\000i\000o\000n\000\040\000D\000o\000c\000u\000m\000e\000n\000t\000a\000t\000i\000o\000n\000:\000\040\000T\000h\000e\000\040\000m\000a\000i\000n\000.\000p\000y\000\040\000E\000x\000e\000c\000u\000t\000i\000o\000n\000\040\000S\000c\000r\000i\000p\000t}{section.7}% 132
\BOOKMARK [3][-]{subsubsection.7.11.1}{\376\377\000S\000c\000r\000i\000p\000t\000\040\000O\000v\000e\000r\000v\000i\000e\000w}{subsection.7.11}% 133
\BOOKMARK [3][-]{subsubsection.7.11.2}{\376\377\000D\000e\000s\000i\000g\000n\000\040\000O\000b\000j\000e\000c\000t\000i\000v\000e\000s}{subsection.7.11}% 134
\BOOKMARK [3][-]{subsubsection.7.11.3}{\376\377\000E\000x\000e\000c\000u\000t\000i\000o\000n\000\040\000F\000l\000o\000w\000\040\000a\000n\000d\000\040\000S\000i\000m\000u\000l\000a\000t\000i\000o\000n\000\040\000L\000i\000f\000e\000c\000y\000c\000l\000e}{subsection.7.11}% 135
\BOOKMARK [3][-]{subsubsection.7.11.4}{\376\377\000E\000x\000c\000e\000p\000t\000i\000o\000n\000\040\000H\000a\000n\000d\000l\000i\000n\000g\000\040\000a\000n\000d\000\040\000R\000e\000s\000o\000u\000r\000c\000e\000\040\000T\000e\000a\000r\000d\000o\000w\000n}{subsection.7.11}% 136
\BOOKMARK [1][-]{section.8}{\376\377\000P\000e\000r\000f\000o\000r\000m\000a\000n\000c\000e\000\040\000E\000v\000a\000l\000u\000a\000t\000i\000o\000n\000\040\000a\000n\000d\000\040\000E\000x\000e\000c\000u\000t\000i\000o\000n\000\040\000R\000e\000s\000u\000l\000t\000s}{}% 137
\BOOKMARK [2][-]{subsection.8.1}{\376\377\000S\000y\000s\000t\000e\000m\000\040\000I\000n\000i\000t\000i\000a\000l\000i\000z\000a\000t\000i\000o\000n}{section.8}% 138
\BOOKMARK [2][-]{subsection.8.2}{\376\377\000I\000n\000f\000e\000r\000e\000n\000c\000e\000\040\000P\000i\000p\000e\000l\000i\000n\000e\000\040\000A\000n\000a\000l\000y\000s\000i\000s}{section.8}% 139
\BOOKMARK [2][-]{subsection.8.3}{\376\377\000C\000y\000b\000e\000r\000-\000P\000h\000y\000s\000i\000c\000a\000l\000\040\000S\000y\000n\000c\000h\000r\000o\000n\000i\000z\000a\000t\000i\000o\000n}{section.8}% 140
\BOOKMARK [2][-]{subsection.8.4}{\376\377\000L\000i\000v\000e\000\040\000M\000o\000n\000i\000t\000o\000r\000i\000n\000g\000\040\000U\000s\000e\000r\000\040\000I\000n\000t\000e\000r\000f\000a\000c\000e}{section.8}% 141
\BOOKMARK [2][-]{subsection.8.5}{\376\377\000E\000x\000e\000c\000u\000t\000i\000o\000n\000\040\000S\000u\000m\000m\000a\000r\000y}{section.8}% 142
