\BOOKMARK [1][-]{Doc-Start}{\376\377\006\105\006\102\006\057\006\105\006\107\000\040\006\110\000\040\006\105\006\071\006\061\006\101\006\314\000\040\006\054\006\047\006\105\006\071\000\040\006\057\006\314\006\052\006\047\006\063\006\052}{}% 1
\BOOKMARK [2][-]{section*.1}{\376\377\006\105\006\071\006\061\006\101\006\314\000\040\006\057\006\314\006\052\006\047\006\063\006\052\000\040\000M\000V\000T\000e\000c\000\040\000A\000D}{Doc-Start}% 2
\BOOKMARK [2][-]{section*.1}{\376\377\006\063\006\047\006\056\006\052\006\047\006\061\000\040\006\110\000\040\006\105\006\071\006\105\006\047\006\061\006\314\000\040\006\057\006\047\006\057\006\107\040\014\006\107\006\047}{Doc-Start}% 3
\BOOKMARK [2][-]{section*.1}{\376\377\006\052\006\106\006\110\006\071\000\040\006\251\006\104\006\047\006\063\040\014\006\107\006\047\000\040\006\110\000\040\006\206\006\047\006\104\006\064\040\014\006\107\006\047\006\314\000\040\006\176\006\061\006\057\006\047\006\062\006\064\006\314}{Doc-Start}% 4
\BOOKMARK [2][-]{section*.1}{\376\377\006\061\006\110\006\314\006\251\006\061\006\057\000\040\006\057\006\047\006\057\006\107\040\014\006\105\006\055\006\110\006\061\000\040\000\050\000D\000a\000t\000a\000-\000C\000e\000n\000t\000r\000i\000c\000\040\000A\000I\000\051\000\040\006\110\000\040\006\176\006\314\006\064\040\014\006\176\006\061\006\057\006\047\006\062\006\064\000\040\006\063\006\101\006\047\006\061\006\064\006\314}{Doc-Start}% 5
\BOOKMARK [1][-]{section.1}{\376\377\006\257\006\061\006\057\006\042\006\110\006\061\006\314\000\040\006\105\006\054\006\105\006\110\006\071\006\107\000\040\006\057\006\047\006\057\006\107\006\014\000\040\006\063\006\047\006\056\006\052\006\047\006\061\006\057\006\107\006\314\000\040\006\110\000\040\006\042\006\105\006\047\006\057\006\107\040\014\006\063\006\047\006\062\006\314\000\040\006\050\006\061\006\047\006\314\000\040\006\052\006\251\006\061\006\047\006\061\006\176\006\060\006\314\006\061\006\314}{}% 6
\BOOKMARK [2][-]{subsection.1.1}{\376\377\006\047\006\052\006\065\006\047\006\104\000\040\006\050\006\107\000\040\006\101\006\066\006\047\006\314\000\040\006\060\006\056\006\314\006\061\006\107\040\014\006\063\006\047\006\062\006\314\000\040\006\047\006\050\006\061\006\314\000\040\000\050\000L\000o\000a\000d\000\040\000f\000r\000o\000m\000\040\000G\000o\000o\000g\000l\000e\000\040\000D\000r\000i\000v\000e\000\051}{section.1}% 7
\BOOKMARK [2][-]{subsection.1.2}{\376\377\006\057\006\061\006\314\006\047\006\101\006\052\000\040\006\110\000\040\006\042\006\105\006\047\006\057\006\107\040\014\006\063\006\047\006\062\006\314\000\040\006\057\006\047\006\057\006\107\040\014\006\107\006\047\000\040\006\047\006\062\000\040\006\251\006\257\006\104\000\040\000\050\000L\000o\000a\000d\000\040\000f\000r\000o\000m\000\040\000K\000a\000g\000g\000l\000e\000\051}{section.1}% 8
\BOOKMARK [2][-]{subsection.1.3}{\376\377\006\047\006\061\006\063\006\047\006\104\000\040\006\057\006\047\006\057\006\107\040\014\006\107\006\047\000\040\006\050\006\107\000\040\006\061\006\110\006\050\006\110\006\101\006\104\006\110\000\040\000\050\000U\000p\000l\000o\000a\000d\000\040\000t\000o\000\040\000R\000o\000b\000o\000f\000l\000o\000w\000\051}{section.1}% 9
\BOOKMARK [1][-]{section.2}{\376\377\006\052\006\110\006\104\006\314\006\057\000\040\006\056\006\110\006\057\006\251\006\047\006\061\000\040\006\251\006\047\006\057\006\061\000\040\006\105\006\055\006\065\006\110\006\061\006\251\006\106\006\106\006\057\006\107}{}% 10
\BOOKMARK [2][-]{subsection.2.1}{\376\377\006\047\006\065\006\104\006\047\006\055\000\040\006\110\000\040\006\055\006\047\006\064\006\314\006\107\040\014\006\106\006\110\006\314\006\063\006\314\000\040\006\251\006\104\006\047\006\063\000\040\006\052\006\061\006\047\006\106\006\062\006\314\006\063\006\052\006\110\006\061\000\040\006\057\006\061\000\040\000R\000o\000b\000o\000f\000l\000o\000w}{section.2}% 11
\BOOKMARK [2][-]{subsection.2.2}{\376\377\006\052\006\043\006\314\006\314\006\057\000\040\006\050\006\065\006\061\006\314\000\040\006\050\006\061\006\206\006\063\006\050\040\014\006\107\006\047\006\314\000\040\000Y\000O\000L\000O}{section.2}% 12
\BOOKMARK [2][-]{subsection.2.3}{\376\377\006\052\006\055\006\104\006\314\006\104\000\040\006\047\006\251\006\052\006\064\006\047\006\101\006\314\000\040\006\057\006\047\006\057\006\107\040\014\006\107\006\047\000\040\000\050\000E\000D\000A\000\051\000\040\006\110\000\040\006\050\006\065\006\061\006\314\040\014\006\063\006\047\006\062\006\314\000\040\006\042\006\105\006\047\006\061\006\314}{section.2}% 13
\BOOKMARK [3][-]{subsubsection.2.3.1}{\376\377\006\052\006\055\006\104\006\314\006\104\000\040\006\106\006\105\006\110\006\057\006\047\006\061\000\040\006\052\006\110\006\062\006\314\006\071\000\040\006\251\006\104\006\047\006\063\040\014\006\107\006\047\000\040\000\050\000C\000l\000a\000s\000s\000\040\000D\000i\000s\000t\000r\000i\000b\000u\000t\000i\000o\000n\000\040\000i\000n\000\040\000T\000r\000a\000i\000n\000i\000n\000g\000\040\000S\000e\000t\000\051}{subsection.2.3}% 14
\BOOKMARK [3][-]{subsubsection.2.3.2}{\376\377\006\052\006\055\006\104\006\314\006\104\000\040\006\106\006\105\006\110\006\057\006\047\006\061\000\040\006\176\006\061\006\047\006\251\006\106\006\057\006\257\006\314\000\040\006\105\006\063\006\047\006\055\006\052\000\040\006\047\006\064\006\314\006\047\006\041\000\040\000\050\000O\000b\000j\000e\000c\000t\000\040\000S\000i\000z\000e\000\040\000D\000i\000s\000t\000r\000i\000b\000u\000t\000i\000o\000n\000\040\000b\000y\000\040\000C\000l\000a\000s\000s\000\051}{subsection.2.3}% 15
\BOOKMARK [3][-]{subsubsection.2.3.3}{\376\377\006\052\006\055\006\104\006\314\006\104\000\040\006\106\006\105\006\110\006\057\006\047\006\061\000\040\006\047\006\050\006\071\006\047\006\057\000\040\006\251\006\047\006\057\006\061\000\040\006\057\006\061\006\050\006\061\006\257\006\314\006\061\006\106\006\057\006\107\000\040\000\050\000W\000i\000d\000t\000h\000\040\000v\000s\000.\000\040\000H\000e\000i\000g\000h\000t\000\040\000S\000c\000a\000t\000t\000e\000r\000\040\000P\000l\000o\000t\000\051}{subsection.2.3}% 16
\BOOKMARK [1][-]{section.3}{\376\377\006\042\006\105\006\110\006\062\006\064\000\040\000Y\000O\000L\000O\000v\0008\000n}{}% 17
\BOOKMARK [2][-]{subsection.3.1}{\376\377\006\052\006\055\006\104\006\314\006\104\000\040\006\056\006\061\006\110\006\054\006\314\000\040\006\042\006\105\006\110\006\062\006\064}{section.3}% 18
\BOOKMARK [3][-]{subsubsection.3.1.1}{\376\377\006\052\006\055\006\104\006\314\006\104\000\040\006\062\006\105\006\047\006\106\040\014\006\050\006\106\006\057\006\314\000\040\006\110\000\040\006\105\006\065\006\061\006\101\000\040\006\105\006\106\006\047\006\050\006\071\000\040\006\063\006\056\006\052\040\014\006\047\006\101\006\062\006\047\006\061\006\314\000\040\000\050\000T\000e\000m\000p\000o\000r\000a\000l\000\040\000\046\000\040\000R\000e\000s\000o\000u\000r\000c\000e\000\040\000A\000n\000a\000l\000y\000s\000i\000s\000\051}{subsection.3.1}% 19
\BOOKMARK [3][-]{subsubsection.3.1.2}{\376\377\006\176\006\314\006\206\006\314\006\057\006\257\006\314\000\040\006\105\006\057\006\104\000\040\006\110\000\040\006\052\006\055\006\104\006\314\006\104\000\040\006\176\006\047\006\061\006\047\006\105\006\052\006\061\006\107\006\047\000\040\000\050\000M\000o\000d\000e\000l\000\040\000C\000o\000m\000p\000l\000e\000x\000i\000t\000y\000\040\000\046\000\040\000P\000a\000r\000a\000m\000e\000t\000e\000r\000s\000\051}{subsection.3.1}% 20
\BOOKMARK [3][-]{subsubsection.3.1.3}{\376\377\006\063\006\061\006\071\006\052\000\040\006\047\006\063\006\052\006\106\006\052\006\047\006\054\000\040\006\110\000\040\006\102\006\047\006\050\006\104\006\314\006\052\000\040\006\050\006\104\006\047\006\057\006\061\006\106\006\257\000\040\000\050\000I\000n\000f\000e\000r\000e\000n\000c\000e\000\040\000S\000p\000e\000e\000d\000\040\000\046\000\040\000R\000e\000a\000l\000-\000t\000i\000m\000e\000\040\000C\000a\000p\000a\000b\000i\000l\000i\000t\000y\000\051}{subsection.3.1}% 21
\BOOKMARK [3][-]{subsubsection.3.1.4}{\376\377\006\052\006\055\006\104\006\314\006\104\000\040\006\105\006\052\006\061\006\314\006\251\040\014\006\107\006\047\006\314\000\040\006\057\006\102\006\052\000\040\000\050\000P\000e\000r\000f\000o\000r\000m\000a\000n\000c\000e\000\040\000\046\000\040\000M\000e\000t\000r\000i\000c\000s\000\040\000B\000r\000e\000a\000k\000d\000o\000w\000n\000\051}{subsection.3.1}% 22
\BOOKMARK [2][-]{subsection.3.2}{\376\377\006\105\006\064\006\047\006\107\006\057\006\107\006\014\000\040\006\105\006\071\006\314\006\047\006\061\006\107\006\047\000\040\006\110\000\040\006\047\006\061\006\062\006\314\006\047\006\050\006\314\000\040\006\050\006\065\006\061\006\314}{section.3}% 23
\BOOKMARK [3][-]{subsubsection.3.2.1}{\376\377\006\105\006\052\006\061\006\314\006\251\000\040\000I\000o\000U}{subsection.3.2}% 24
\BOOKMARK [3][-]{subsubsection.3.2.2}{\376\377\006\052\006\055\006\104\006\314\006\104\000\040\006\105\006\047\006\052\006\061\006\314\006\063\000\040\006\057\006\061\006\107\006\105\040\014\006\061\006\314\006\056\006\052\006\257\006\314\000\040\006\106\006\061\006\105\006\047\006\104\040\014\006\064\006\057\006\107\000\040\000\050\000N\000o\000r\000m\000a\000l\000i\000z\000e\000d\000\040\000C\000o\000n\000f\000u\000s\000i\000o\000n\000\040\000M\000a\000t\000r\000i\000x\000\051}{subsection.3.2}% 25
\BOOKMARK [3][-]{subsubsection.3.2.3}{\376\377\006\052\006\055\006\104\006\314\006\104\000\040\006\061\006\110\006\106\006\057\000\040\006\107\006\105\040\014\006\257\006\061\006\047\006\314\006\314\000\040\006\110\000\040\006\106\006\052\006\047\006\314\006\054\000\040\006\042\006\105\006\110\006\062\006\064\000\040\000\050\000T\000r\000a\000i\000n\000i\000n\000g\000\040\000R\000e\000s\000u\000l\000t\000s\000\040\000\046\000\040\000C\000o\000n\000v\000e\000r\000g\000e\000n\000c\000e\000\051}{subsection.3.2}% 26
\BOOKMARK [3][-]{subsubsection.3.2.4}{\376\377\006\052\006\055\006\104\006\314\006\104\000\040\006\251\006\105\006\314\000:\000\040\006\047\006\061\006\062\006\314\006\047\006\050\006\314\000\040\006\054\006\057\006\110\006\104\000\040\000M\000e\000a\000n\000\040\000I\000o\000U}{subsection.3.2}% 27
\BOOKMARK [3][-]{subsubsection.3.2.5}{\376\377\006\052\006\055\006\104\006\314\006\104\000\040\006\251\006\314\006\101\006\314\000:\000\040\006\047\006\061\006\062\006\314\006\047\006\050\006\314\000\040\006\050\006\065\006\061\006\314\000\040\006\052\006\065\006\110\006\314\006\061\000\040\006\047\006\063\006\052\006\106\006\052\006\047\006\054\000\040\000\050\000V\000i\000s\000u\000a\000l\000\040\000\046\000\040\000Q\000u\000a\000l\000i\000t\000a\000t\000i\000v\000e\000\040\000A\000n\000a\000l\000y\000s\000i\000s\000\051}{subsection.3.2}% 28
\BOOKMARK [1][-]{section.4}{\376\377\006\050\006\061\006\064\000\040\006\056\006\110\006\057\006\251\006\047\006\061\000\040\006\110\000\040\006\107\006\105\006\257\006\047\006\105\040\014\006\063\006\047\006\062\006\314\000\040\006\105\006\047\006\063\006\251}{}% 29
\BOOKMARK [2][-]{subsection.4.1}{\376\377\006\052\006\043\006\314\006\314\006\057\000\040\006\050\006\065\006\061\006\314\000\040\006\107\006\105\006\257\006\047\006\105\040\014\006\063\006\047\006\062\006\314\000\040\006\105\006\047\006\063\006\251}{section.4}% 30
\BOOKMARK [1][-]{section.5}{\376\377\006\052\006\064\006\056\006\314\006\065\000\040\006\106\006\047\006\107\006\106\006\054\006\047\006\061\006\314\000\040\006\050\006\061\006\047\006\314\000\040\006\052\006\105\006\047\006\105\000\040\006\251\006\104\006\047\006\063\040\014\006\107\006\047}{}% 31
\BOOKMARK [2][-]{subsection.5.1}{\376\377\006\042\006\105\006\110\006\062\006\064\000\040\000R\000e\000s\000N\000e\000t\000-\0001\0008\000\040\000\050\006\176\006\314\006\047\006\057\006\107\040\014\006\063\006\047\006\062\006\314\000\040\000P\000a\000t\000c\000h\000C\000o\000r\000e\000\051}{section.5}% 32
\BOOKMARK [2][-]{subsection.5.2}{\376\377\006\047\006\061\006\062\006\314\006\047\006\050\006\314\000\040\006\110\000\040\006\047\006\063\006\052\006\056\006\061\006\047\006\054\000\040\006\105\006\071\006\314\006\047\006\061\006\107\006\047\006\314\000\040\000R\000e\000s\000N\000e\000t\000-\0001\0008}{section.5}% 33
\BOOKMARK [3][-]{subsubsection.5.2.1}{\376\377\006\052\006\055\006\104\006\314\006\104\000\040\006\063\006\067\006\055\000\040\006\052\006\065\006\110\006\314\006\061\000:\000\040\006\052\006\065\006\105\006\314\006\105\040\014\006\257\006\314\006\061\006\314\000\040\006\251\006\104\006\047\006\106\000\040\006\056\006\067\000\040\006\052\006\110\006\104\006\314\006\057\000\040\000\050\000I\000m\000a\000g\000e\000-\000L\000e\000v\000e\000l\000\040\000M\000e\000t\000r\000i\000c\000s\000\051}{subsection.5.2}% 34
\BOOKMARK [3][-]{subsubsection.5.2.2}{\376\377\006\052\006\055\006\104\006\314\006\104\000\040\006\063\006\067\006\055\000\040\006\176\006\314\006\251\006\063\006\104\000:\000\040\006\105\006\251\006\047\006\106\040\014\006\314\006\047\006\050\006\314\000\040\006\057\006\102\006\314\006\102\000\040\006\106\006\047\006\107\006\106\006\054\006\047\006\061\006\314\000\040\000\050\000P\000i\000x\000e\000l\000-\000L\000e\000v\000e\000l\000\040\000M\000e\000t\000r\000i\000c\000s\000\051}{subsection.5.2}% 35
\BOOKMARK [2][-]{subsection.5.3}{\376\377\006\105\006\110\006\052\006\110\006\061\000\040\006\047\006\063\006\052\006\106\006\052\006\047\006\054\000\040\006\365\000-\006\176\006\106\006\104\006\314\000\040\000R\000e\000s\000N\000e\000t\000-\0001\0008}{section.5}% 36
\BOOKMARK [2][-]{subsection.5.4}{\376\377\006\042\006\105\006\110\006\062\006\064\000\040\006\114\000R\000e\000s\000n\000e\000t\000-\0005\0000\000\040\000\050\006\176\006\314\006\047\006\057\006\107\040\014\006\063\006\047\006\062\006\314\000\040\000P\000a\000t\000c\000h\000C\000o\000r\000e\000\051}{section.5}% 37
\BOOKMARK [2][-]{subsection.5.5}{\376\377\006\047\006\061\006\062\006\314\006\047\006\050\006\314\000\040\006\110\000\040\006\047\006\063\006\052\006\056\006\061\006\047\006\054\000\040\006\105\006\071\006\314\006\047\006\061\006\107\006\047\006\314\000\040\000R\000e\000s\000N\000e\000t\000-\0005\0000}{section.5}% 38
\BOOKMARK [3][-]{subsubsection.5.5.1}{\376\377\006\052\006\055\006\104\006\314\006\104\000\040\006\063\006\067\006\055\000\040\006\052\006\065\006\110\006\314\006\061\000:\000\040\006\052\006\065\006\105\006\314\006\105\040\014\006\257\006\314\006\061\006\314\000\040\006\251\006\104\006\047\006\106\000\040\006\056\006\067\000\040\006\052\006\110\006\104\006\314\006\057\000\040\000\050\000I\000m\000a\000g\000e\000-\000L\000e\000v\000e\000l\000\040\000M\000e\000t\000r\000i\000c\000s\000\051}{subsection.5.5}% 39
\BOOKMARK [3][-]{subsubsection.5.5.2}{\376\377\006\052\006\055\006\104\006\314\006\104\000\040\006\063\006\067\006\055\000\040\006\176\006\314\006\251\006\063\006\104\000:\000\040\006\105\006\251\006\047\006\106\040\014\006\314\006\047\006\050\006\314\000\040\006\057\006\102\006\314\006\102\000\040\006\106\006\047\006\107\006\106\006\054\006\047\006\061\006\314\000\040\000\050\000P\000i\000x\000e\000l\000-\000L\000e\000v\000e\000l\000\040\000M\000e\000t\000r\000i\000c\000s\000\051}{subsection.5.5}% 40
\BOOKMARK [2][-]{subsection.5.6}{\376\377\006\105\006\110\006\052\006\110\006\061\000\040\006\047\006\063\006\052\006\106\006\052\006\047\006\054\000\040\006\365\000-\006\176\006\106\006\104\006\314\000\040\000R\000e\000s\000N\000e\000t\000-\0005\0000}{section.5}% 41
\BOOKMARK [2][-]{subsection.5.7}{\376\377\006\052\006\055\006\104\006\314\006\104\000\040\006\110\000\040\006\105\006\102\006\047\006\314\006\063\006\107\000\040\006\054\006\047\006\105\006\071\000:\000\040\000R\000e\000s\000N\000e\000t\000-\0001\0008\000\040\006\057\006\061\000\040\006\050\006\061\006\047\006\050\006\061\000\040\000W\000i\000d\000e\000\137\000R\000e\000s\000N\000e\000t\0005\0000\000\137\0002}{section.5}% 42
\BOOKMARK [2][-]{subsection.5.8}{\376\377\006\105\006\102\006\047\006\314\006\063\006\107\000\040\006\050\006\107\000\040\006\065\006\110\006\061\006\052\000\040\006\050\006\065\006\061\006\314}{section.5}% 43
\BOOKMARK [3][-]{subsubsection.5.8.1}{\376\377\006\105\006\102\006\047\006\314\006\063\006\107\000\040\006\050\006\065\006\061\006\314\000\040\006\071\006\105\006\104\006\251\006\061\006\057\000\040\006\105\006\057\006\104\040\014\006\107\006\047\000\040\006\057\006\061\000\040\006\251\006\104\006\047\006\063\000\040\006\050\006\067\006\061\006\314\000\040\000\050\000B\000O\000T\000T\000L\000E\000\051}{subsection.5.8}% 44
\BOOKMARK [3][-]{subsubsection.5.8.2}{\376\377\006\105\006\102\006\047\006\314\006\063\006\107\000\040\006\050\006\065\006\061\006\314\000\040\006\071\006\105\006\104\006\251\006\061\006\057\000\040\006\105\006\057\006\104\040\014\006\107\006\047\000\040\006\057\006\061\000\040\006\251\006\104\006\047\006\063\000\040\006\251\006\047\006\050\006\104\000\040\000\050\000C\000A\000B\000L\000E\000\051}{subsection.5.8}% 45
\BOOKMARK [3][-]{subsubsection.5.8.3}{\376\377\006\105\006\102\006\047\006\314\006\063\006\107\000\040\006\050\006\065\006\061\006\314\000\040\006\071\006\105\006\104\006\251\006\061\006\057\000\040\006\105\006\057\006\104\040\014\006\107\006\047\000\040\006\057\006\061\000\040\006\251\006\104\006\047\006\063\000\040\006\105\006\107\006\061\006\107\000\040\006\101\006\104\006\062\006\314\000\040\000M\000e\000t\000a\000l\000\137\000N\000u\000t}{subsection.5.8}% 46
\BOOKMARK [3][-]{subsubsection.5.8.4}{\376\377\006\105\006\102\006\047\006\314\006\063\006\107\000\040\006\050\006\065\006\061\006\314\000\040\006\071\006\105\006\104\006\251\006\061\006\057\000\040\006\105\006\057\006\104\040\014\006\107\006\047\000\040\006\057\006\061\000\040\006\251\006\104\006\047\006\063\000\040\006\176\006\314\006\206\000\040\000\050\000S\000C\000R\000E\000W\000\051}{subsection.5.8}% 47
\BOOKMARK [3][-]{subsubsection.5.8.5}{\376\377\006\105\006\102\006\047\006\314\006\063\006\107\000\040\006\050\006\065\006\061\006\314\000\040\006\071\006\105\006\104\006\251\006\061\006\057\000\040\006\105\006\057\006\104\040\014\006\107\006\047\000\040\006\057\006\061\000\040\006\251\006\104\006\047\006\063\000\040\006\105\006\063\006\110\006\047\006\251\000\040\006\110\000\040\000T\000o\000o\000t\000h\000B\000r\000u\000s\000h}{subsection.5.8}% 48
\BOOKMARK [3][-]{subsubsection.5.8.6}{\376\377\006\105\006\102\006\047\006\314\006\063\006\107\000\040\006\050\006\065\006\061\006\314\000\040\006\071\006\105\006\104\006\251\006\061\006\057\000\040\006\105\006\057\006\104\040\014\006\107\006\047\000\040\006\057\006\061\000\040\006\251\006\104\006\047\006\063\000\040\006\052\006\061\006\047\006\106\006\062\006\314\006\063\006\052\006\110\006\061\000\040\000\050\000T\000R\000A\000N\000S\000I\000S\000T\000O\000R\000\051}{subsection.5.8}% 49
\BOOKMARK [1][-]{section.6}{\376\377\006\050\006\063\006\052\006\107\040\014\006\050\006\106\006\057\006\314\000\040\006\110\000\040\006\042\006\105\006\047\006\057\006\257\006\314\000\040\006\050\006\061\006\047\006\314\000\040\006\047\006\063\006\052\006\102\006\061\006\047\006\061\000\040\000\050\000P\000a\000c\000k\000a\000g\000i\000n\000g\000\040\000\046\000\040\000D\000e\000p\000l\000o\000y\000m\000e\000n\000t\000\040\000R\000e\000a\000d\000i\000n\000e\000s\000s\000\051}{}% 50
\BOOKMARK [1][-]{section.7}{\376\377\006\064\006\050\006\314\006\107\040\014\006\063\006\047\006\062\006\314}{}% 51
\BOOKMARK [2][-]{subsection.7.1}{\376\377\006\105\006\063\006\052\006\106\006\057\006\063\006\047\006\062\006\314\000\040\006\050\006\056\006\064\000\040\006\064\006\050\006\314\006\107\040\014\006\063\006\047\006\062\006\314\000:\000\040\006\105\006\047\006\230\006\110\006\104\000\040\000c\000o\000n\000f\000i\000g\000.\000p\000y}{section.7}% 52
\BOOKMARK [3][-]{subsubsection.7.1.1}{\376\377\006\105\006\071\006\061\006\101\006\314\000\040\006\105\006\047\006\230\006\110\006\104}{subsection.7.1}% 53
\BOOKMARK [3][-]{subsubsection.7.1.2}{\376\377\006\107\006\057\006\101\000\040\006\067\006\061\006\047\006\055\006\314}{subsection.7.1}% 54
\BOOKMARK [3][-]{subsubsection.7.1.3}{\376\377\006\106\006\102\006\064\000\040\006\105\006\047\006\230\006\110\006\104\000\040\006\057\006\061\000\040\006\251\006\104\000\040\006\063\006\314\006\063\006\052\006\105}{subsection.7.1}% 55
\BOOKMARK [3][-]{subsubsection.7.1.4}{\376\377\006\063\006\047\006\056\006\052\006\047\006\061\000\040\006\251\006\104\006\314\000\040\006\110\000\040\006\047\006\054\006\062\006\047\006\314\000\040\006\105\006\107\006\105}{subsection.7.1}% 56
\BOOKMARK [3][-]{subsubsection.7.1.5}{\376\377\006\106\006\055\006\110\006\107\000\040\006\071\006\105\006\104\006\251\006\061\006\057}{subsection.7.1}% 57
\BOOKMARK [3][-]{subsubsection.7.1.6}{\376\377\006\047\006\061\006\052\006\050\006\047\006\067\000\040\006\050\006\047\000\040\006\063\006\047\006\314\006\061\000\040\006\105\006\047\006\230\006\110\006\104\040\014\006\107\006\047}{subsection.7.1}% 58
\BOOKMARK [3][-]{subsubsection.7.1.7}{\376\377\006\054\006\105\006\071\040\014\006\050\006\106\006\057\006\314}{subsection.7.1}% 59
\BOOKMARK [2][-]{subsection.7.2}{\376\377\006\105\006\063\006\052\006\106\006\057\006\063\006\047\006\062\006\314\000\040\006\050\006\056\006\064\000\040\006\064\006\050\006\314\006\107\040\014\006\063\006\047\006\062\006\314\000:\000\040\006\105\006\047\006\230\006\110\006\104\000\040\000l\000o\000g\000g\000i\000n\000g\000\137\000c\000o\000n\000f\000i\000g\000.\000p\000y}{section.7}% 60
\BOOKMARK [3][-]{subsubsection.7.2.1}{\376\377\006\105\006\071\006\061\006\101\006\314\000\040\006\105\006\047\006\230\006\110\006\104}{subsection.7.2}% 61
\BOOKMARK [3][-]{subsubsection.7.2.2}{\376\377\006\107\006\057\006\101\000\040\006\067\006\061\006\047\006\055\006\314}{subsection.7.2}% 62
\BOOKMARK [3][-]{subsubsection.7.2.3}{\376\377\006\106\006\102\006\064\000\040\006\105\006\047\006\230\006\110\006\104\000\040\006\057\006\061\000\040\006\251\006\104\000\040\006\063\006\314\006\063\006\052\006\105}{subsection.7.2}% 63
\BOOKMARK [3][-]{subsubsection.7.2.4}{\376\377\006\063\006\047\006\056\006\052\006\047\006\061\000\040\006\251\006\104\006\314\000\040\006\110\000\040\006\047\006\054\006\062\006\047\006\314\000\040\006\105\006\107\006\105}{subsection.7.2}% 64
\BOOKMARK [3][-]{subsubsection.7.2.5}{\376\377\006\106\006\055\006\110\006\107\000\040\006\071\006\105\006\104\006\251\006\061\006\057}{subsection.7.2}% 65
\BOOKMARK [3][-]{subsubsection.7.2.6}{\376\377\006\047\006\061\006\052\006\050\006\047\006\067\000\040\006\050\006\047\000\040\006\063\006\047\006\314\006\061\000\040\006\105\006\047\006\230\006\110\006\104\040\014\006\107\006\047}{subsection.7.2}% 66
\BOOKMARK [3][-]{subsubsection.7.2.7}{\376\377\006\054\006\105\006\071\040\014\006\050\006\106\006\057\006\314}{subsection.7.2}% 67
\BOOKMARK [2][-]{subsection.7.3}{\376\377\006\105\006\063\006\052\006\106\006\057\006\063\006\047\006\062\006\314\000\040\006\050\006\056\006\064\000\040\006\064\006\050\006\314\006\107\040\014\006\063\006\047\006\062\006\314\000:\000\040\006\105\006\047\006\230\006\110\006\104\000\040\000u\000r\000d\000f\000\137\000u\000t\000i\000l\000s\000.\000p\000y}{section.7}% 68
\BOOKMARK [3][-]{subsubsection.7.3.1}{\376\377\006\105\006\071\006\061\006\101\006\314\000\040\006\105\006\047\006\230\006\110\006\104}{subsection.7.3}% 69
\BOOKMARK [3][-]{subsubsection.7.3.2}{\376\377\006\107\006\057\006\101\000\040\006\067\006\061\006\047\006\055\006\314}{subsection.7.3}% 70
\BOOKMARK [3][-]{subsubsection.7.3.3}{\376\377\006\106\006\102\006\064\000\040\006\105\006\047\006\230\006\110\006\104\000\040\006\057\006\061\000\040\006\251\006\104\000\040\006\063\006\314\006\063\006\052\006\105}{subsection.7.3}% 71
\BOOKMARK [3][-]{subsubsection.7.3.4}{\376\377\006\063\006\047\006\056\006\052\006\047\006\061\000\040\006\251\006\104\006\314\000\040\006\110\000\040\006\047\006\054\006\062\006\047\006\314\000\040\006\105\006\107\006\105}{subsection.7.3}% 72
\BOOKMARK [3][-]{subsubsection.7.3.5}{\376\377\006\106\006\055\006\110\006\107\000\040\006\071\006\105\006\104\006\251\006\061\006\057}{subsection.7.3}% 73
\BOOKMARK [3][-]{subsubsection.7.3.6}{\376\377\006\047\006\061\006\052\006\050\006\047\006\067\000\040\006\050\006\047\000\040\006\063\006\047\006\314\006\061\000\040\006\105\006\047\006\230\006\110\006\104\040\014\006\107\006\047}{subsection.7.3}% 74
\BOOKMARK [3][-]{subsubsection.7.3.7}{\376\377\006\054\006\105\006\071\040\014\006\050\006\106\006\057\006\314}{subsection.7.3}% 75
\BOOKMARK [2][-]{subsection.7.4}{\376\377\006\105\006\063\006\052\006\106\006\057\006\063\006\047\006\062\006\314\000\040\006\050\006\056\006\064\000\040\006\064\006\050\006\314\006\107\040\014\006\063\006\047\006\062\006\314\000:\000\040\006\105\006\047\006\230\006\110\006\104\000\040\000o\000b\000j\000e\000c\000t\000s\000.\000p\000y}{section.7}% 76
\BOOKMARK [3][-]{subsubsection.7.4.1}{\376\377\006\105\006\071\006\061\006\101\006\314\000\040\006\105\006\047\006\230\006\110\006\104}{subsection.7.4}% 77
\BOOKMARK [3][-]{subsubsection.7.4.2}{\376\377\006\107\006\057\006\101\000\040\006\067\006\061\006\047\006\055\006\314}{subsection.7.4}% 78
\BOOKMARK [3][-]{subsubsection.7.4.3}{\376\377\006\106\006\102\006\064\000\040\006\105\006\047\006\230\006\110\006\104\000\040\006\057\006\061\000\040\006\251\006\104\000\040\006\063\006\314\006\063\006\052\006\105}{subsection.7.4}% 79
\BOOKMARK [3][-]{subsubsection.7.4.4}{\376\377\006\063\006\047\006\056\006\052\006\047\006\061\000\040\006\251\006\104\006\314\000\040\006\110\000\040\006\047\006\054\006\062\006\047\006\314\000\040\006\105\006\107\006\105}{subsection.7.4}% 80
\BOOKMARK [3][-]{subsubsection.7.4.5}{\376\377\006\106\006\055\006\110\006\107\000\040\006\071\006\105\006\104\006\251\006\061\006\057}{subsection.7.4}% 81
\BOOKMARK [3][-]{subsubsection.7.4.6}{\376\377\006\047\006\061\006\052\006\050\006\047\006\067\000\040\006\050\006\047\000\040\006\063\006\047\006\314\006\061\000\040\006\105\006\047\006\230\006\110\006\104\040\014\006\107\006\047}{subsection.7.4}% 82
\BOOKMARK [3][-]{subsubsection.7.4.7}{\376\377\006\054\006\105\006\071\040\014\006\050\006\106\006\057\006\314}{subsection.7.4}% 83
\BOOKMARK [2][-]{subsection.7.5}{\376\377\006\105\006\063\006\052\006\106\006\057\006\063\006\047\006\062\006\314\000\040\006\050\006\056\006\064\000\040\006\064\006\050\006\314\006\107\040\014\006\063\006\047\006\062\006\314\000:\000\040\006\105\006\047\006\230\006\110\006\104\000\040\000c\000o\000n\000v\000e\000y\000o\000r\000.\000p\000y}{section.7}% 84
\BOOKMARK [3][-]{subsubsection.7.5.1}{\376\377\006\105\006\071\006\061\006\101\006\314\000\040\006\105\006\047\006\230\006\110\006\104}{subsection.7.5}% 85
\BOOKMARK [3][-]{subsubsection.7.5.2}{\376\377\006\107\006\057\006\101\000\040\006\067\006\061\006\047\006\055\006\314}{subsection.7.5}% 86
\BOOKMARK [3][-]{subsubsection.7.5.3}{\376\377\006\106\006\102\006\064\000\040\006\105\006\047\006\230\006\110\006\104\000\040\006\057\006\061\000\040\006\251\006\104\000\040\006\063\006\314\006\063\006\052\006\105}{subsection.7.5}% 87
\BOOKMARK [3][-]{subsubsection.7.5.4}{\376\377\006\063\006\047\006\056\006\052\006\047\006\061\000\040\006\251\006\104\006\314\000\040\006\110\000\040\006\047\006\054\006\062\006\047\006\314\000\040\006\105\006\107\006\105}{subsection.7.5}% 88
\BOOKMARK [3][-]{subsubsection.7.5.5}{\376\377\006\106\006\055\006\110\006\107\000\040\006\071\006\105\006\104\006\251\006\061\006\057}{subsection.7.5}% 89
\BOOKMARK [3][-]{subsubsection.7.5.6}{\376\377\006\047\006\061\006\052\006\050\006\047\006\067\000\040\006\050\006\047\000\040\006\063\006\047\006\314\006\061\000\040\006\105\006\047\006\230\006\110\006\104\040\014\006\107\006\047}{subsection.7.5}% 90
\BOOKMARK [3][-]{subsubsection.7.5.7}{\376\377\006\054\006\105\006\071\040\014\006\050\006\106\006\057\006\314}{subsection.7.5}% 91
\BOOKMARK [2][-]{subsection.7.6}{\376\377\006\105\006\063\006\052\006\106\006\057\006\063\006\047\006\062\006\314\000\040\006\050\006\056\006\064\000\040\006\064\006\050\006\314\006\107\040\014\006\063\006\047\006\062\006\314\000:\000\040\006\105\006\047\006\230\006\110\006\104\000\040\000c\000a\000m\000e\000r\000a\000.\000p\000y}{section.7}% 92
\BOOKMARK [3][-]{subsubsection.7.6.1}{\376\377\006\105\006\071\006\061\006\101\006\314\000\040\006\105\006\047\006\230\006\110\006\104}{subsection.7.6}% 93
\BOOKMARK [3][-]{subsubsection.7.6.2}{\376\377\006\107\006\057\006\101\000\040\006\067\006\061\006\047\006\055\006\314}{subsection.7.6}% 94
\BOOKMARK [3][-]{subsubsection.7.6.3}{\376\377\006\106\006\102\006\064\000\040\006\105\006\047\006\230\006\110\006\104\000\040\006\057\006\061\000\040\006\251\006\104\000\040\006\063\006\314\006\063\006\052\006\105}{subsection.7.6}% 95
\BOOKMARK [3][-]{subsubsection.7.6.4}{\376\377\006\063\006\047\006\056\006\052\006\047\006\061\000\040\006\251\006\104\006\314\000\040\006\110\000\040\006\047\006\054\006\062\006\047\006\314\000\040\006\105\006\107\006\105}{subsection.7.6}% 96
\BOOKMARK [3][-]{subsubsection.7.6.5}{\376\377\006\106\006\055\006\110\006\107\000\040\006\071\006\105\006\104\006\251\006\061\006\057}{subsection.7.6}% 97
\BOOKMARK [3][-]{subsubsection.7.6.6}{\376\377\006\047\006\061\006\052\006\050\006\047\006\067\000\040\006\050\006\047\000\040\006\063\006\047\006\314\006\061\000\040\006\105\006\047\006\230\006\110\006\104\040\014\006\107\006\047}{subsection.7.6}% 98
\BOOKMARK [3][-]{subsubsection.7.6.7}{\376\377\006\054\006\105\006\071\040\014\006\050\006\106\006\057\006\314}{subsection.7.6}% 99
\BOOKMARK [2][-]{subsection.7.7}{\376\377\006\105\006\063\006\052\006\106\006\057\006\063\006\047\006\062\006\314\000\040\006\050\006\056\006\064\000\040\006\064\006\050\006\314\006\107\040\014\006\063\006\047\006\062\006\314\000:\000\040\006\105\006\047\006\230\006\110\006\104\000\040\000v\000i\000s\000i\000o\000n\000.\000p\000y}{section.7}% 100
\BOOKMARK [3][-]{subsubsection.7.7.1}{\376\377\006\105\006\071\006\061\006\101\006\314\000\040\006\105\006\047\006\230\006\110\006\104}{subsection.7.7}% 101
\BOOKMARK [3][-]{subsubsection.7.7.2}{\376\377\006\107\006\057\006\101\000\040\006\067\006\061\006\047\006\055\006\314}{subsection.7.7}% 102
\BOOKMARK [3][-]{subsubsection.7.7.3}{\376\377\006\106\006\102\006\064\000\040\006\105\006\047\006\230\006\110\006\104\000\040\006\057\006\061\000\040\006\251\006\104\000\040\006\063\006\314\006\063\006\052\006\105}{subsection.7.7}% 103
\BOOKMARK [3][-]{subsubsection.7.7.4}{\376\377\006\063\006\047\006\056\006\052\006\047\006\061\000\040\006\251\006\104\006\314\000\040\006\110\000\040\006\047\006\054\006\062\006\047\006\314\000\040\006\105\006\107\006\105}{subsection.7.7}% 104
\BOOKMARK [3][-]{subsubsection.7.7.5}{\376\377\006\106\006\055\006\110\006\107\000\040\006\071\006\105\006\104\006\251\006\061\006\057}{subsection.7.7}% 105
\BOOKMARK [3][-]{subsubsection.7.7.6}{\376\377\006\047\006\061\006\052\006\050\006\047\006\067\000\040\006\050\006\047\000\040\006\063\006\047\006\314\006\061\000\040\006\105\006\047\006\230\006\110\006\104\040\014\006\107\006\047}{subsection.7.7}% 106
\BOOKMARK [3][-]{subsubsection.7.7.7}{\376\377\006\054\006\105\006\071\040\014\006\050\006\106\006\057\006\314}{subsection.7.7}% 107
\BOOKMARK [2][-]{subsection.7.8}{\376\377\006\105\006\063\006\052\006\106\006\057\006\063\006\047\006\062\006\314\000\040\006\050\006\056\006\064\000\040\006\064\006\050\006\314\006\107\040\014\006\063\006\047\006\062\006\314\000:\000\040\006\105\006\047\006\230\006\110\006\104\000\040\000r\000o\000b\000o\000t\000.\000p\000y}{section.7}% 108
\BOOKMARK [3][-]{subsubsection.7.8.1}{\376\377\006\105\006\071\006\061\006\101\006\314\000\040\006\105\006\047\006\230\006\110\006\104}{subsection.7.8}% 109
\BOOKMARK [3][-]{subsubsection.7.8.2}{\376\377\006\107\006\057\006\101\000\040\006\067\006\061\006\047\006\055\006\314}{subsection.7.8}% 110
\BOOKMARK [3][-]{subsubsection.7.8.3}{\376\377\006\106\006\102\006\064\000\040\006\105\006\047\006\230\006\110\006\104\000\040\006\057\006\061\000\040\006\251\006\104\000\040\006\063\006\314\006\063\006\052\006\105}{subsection.7.8}% 111
\BOOKMARK [2][-]{subsection.7.9}{\376\377\006\063\006\047\006\056\006\052\006\047\006\061\000\040\006\251\006\104\006\314\000\040\006\110\000\040\006\047\006\054\006\062\006\047\006\314\000\040\006\105\006\107\006\105}{section.7}% 112
\BOOKMARK [3][-]{subsubsection.7.9.1}{\376\377\006\106\006\055\006\110\006\107\000\040\006\071\006\105\006\104\006\251\006\061\006\057}{subsection.7.9}% 113
\BOOKMARK [3][-]{subsubsection.7.9.2}{\376\377\006\047\006\061\006\052\006\050\006\047\006\067\000\040\006\050\006\047\000\040\006\063\006\047\006\314\006\061\000\040\006\105\006\047\006\230\006\110\006\104\040\014\006\107\006\047}{subsection.7.9}% 114
\BOOKMARK [3][-]{subsubsection.7.9.3}{\376\377\006\054\006\105\006\071\040\014\006\050\006\106\006\057\006\314}{subsection.7.9}% 115
\BOOKMARK [2][-]{subsection.7.10}{\376\377\006\105\006\063\006\052\006\106\006\057\006\063\006\047\006\062\006\314\000\040\006\050\006\056\006\064\000\040\006\064\006\050\006\314\006\107\040\014\006\063\006\047\006\062\006\314\000:\000\040\006\105\006\047\006\230\006\110\006\104\000\040\000c\000o\000n\000t\000r\000o\000l\000l\000e\000r\000.\000p\000y}{section.7}% 116
\BOOKMARK [3][-]{subsubsection.7.10.1}{\376\377\006\105\006\071\006\061\006\101\006\314\000\040\006\105\006\047\006\230\006\110\006\104}{subsection.7.10}% 117
\BOOKMARK [3][-]{subsubsection.7.10.2}{\376\377\006\107\006\057\006\101\000\040\006\067\006\061\006\047\006\055\006\314}{subsection.7.10}% 118
\BOOKMARK [3][-]{subsubsection.7.10.3}{\376\377\006\106\006\102\006\064\000\040\006\105\006\047\006\230\006\110\006\104\000\040\006\057\006\061\000\040\006\251\006\104\000\040\006\063\006\314\006\063\006\052\006\105}{subsection.7.10}% 119
\BOOKMARK [3][-]{subsubsection.7.10.4}{\376\377\006\063\006\047\006\056\006\052\006\047\006\061\000\040\006\251\006\104\006\314\000\040\006\110\000\040\006\047\006\054\006\062\006\047\006\314\000\040\006\105\006\107\006\105}{subsection.7.10}% 120
\BOOKMARK [3][-]{subsubsection.7.10.5}{\376\377\006\106\006\055\006\110\006\107\000\040\006\071\006\105\006\104\006\251\006\061\006\057}{subsection.7.10}% 121
\BOOKMARK [3][-]{subsubsection.7.10.6}{\376\377\006\047\006\061\006\052\006\050\006\047\006\067\000\040\006\050\006\047\000\040\006\063\006\047\006\314\006\061\000\040\006\105\006\047\006\230\006\110\006\104\040\014\006\107\006\047}{subsection.7.10}% 122
\BOOKMARK [3][-]{subsubsection.7.10.7}{\376\377\006\054\006\105\006\071\040\014\006\050\006\106\006\057\006\314}{subsection.7.10}% 123
\BOOKMARK [2][-]{subsection.7.11}{\376\377\006\105\006\063\006\052\006\106\006\057\006\063\006\047\006\062\006\314\000\040\006\050\006\056\006\064\000\040\006\064\006\050\006\314\006\107\040\014\006\063\006\047\006\062\006\314\000:\000\040\006\105\006\047\006\230\006\110\006\104\000\040\000s\000i\000m\000u\000l\000a\000t\000i\000o\000n\000.\000p\000y}{section.7}% 124
\BOOKMARK [3][-]{subsubsection.7.11.1}{\376\377\006\105\006\071\006\061\006\101\006\314\000\040\006\105\006\047\006\230\006\110\006\104}{subsection.7.11}% 125
\BOOKMARK [3][-]{subsubsection.7.11.2}{\376\377\006\107\006\057\006\101\000\040\006\067\006\061\006\047\006\055\006\314}{subsection.7.11}% 126
\BOOKMARK [3][-]{subsubsection.7.11.3}{\376\377\006\106\006\102\006\064\000\040\006\105\006\047\006\230\006\110\006\104\000\040\006\057\006\061\000\040\006\251\006\104\000\040\006\063\006\314\006\063\006\052\006\105}{subsection.7.11}% 127
\BOOKMARK [3][-]{subsubsection.7.11.4}{\376\377\006\063\006\047\006\056\006\052\006\047\006\061\000\040\006\251\006\104\006\314\000\040\006\110\000\040\006\047\006\054\006\062\006\047\006\314\000\040\006\105\006\107\006\105}{subsection.7.11}% 128
\BOOKMARK [3][-]{subsubsection.7.11.5}{\376\377\006\106\006\055\006\110\006\107\000\040\006\071\006\105\006\104\006\251\006\061\006\057}{subsection.7.11}% 129
\BOOKMARK [3][-]{subsubsection.7.11.6}{\376\377\006\047\006\061\006\052\006\050\006\047\006\067\000\040\006\050\006\047\000\040\006\063\006\047\006\314\006\061\000\040\006\105\006\047\006\230\006\110\006\104\040\014\006\107\006\047}{subsection.7.11}% 130
\BOOKMARK [3][-]{subsubsection.7.11.7}{\376\377\006\054\006\105\006\071\040\014\006\050\006\106\006\057\006\314}{subsection.7.11}% 131
\BOOKMARK [2][-]{subsection.7.12}{\376\377\006\105\006\063\006\052\006\106\006\057\006\063\006\047\006\062\006\314\000\040\006\050\006\056\006\064\000\040\006\064\006\050\006\314\006\107\040\014\006\063\006\047\006\062\006\314\000:\000\040\006\047\006\063\006\251\006\061\006\314\006\176\006\052\000\040\006\047\006\054\006\061\006\047\006\314\006\314\000\040\000m\000a\000i\000n\000.\000p\000y}{section.7}% 132
\BOOKMARK [3][-]{subsubsection.7.12.1}{\376\377\006\105\006\071\006\061\006\101\006\314\000\040\006\047\006\063\006\251\006\061\006\314\006\176\006\052}{subsection.7.12}% 133
\BOOKMARK [3][-]{subsubsection.7.12.2}{\376\377\006\107\006\057\006\101\000\040\006\067\006\061\006\047\006\055\006\314}{subsection.7.12}% 134
\BOOKMARK [3][-]{subsubsection.7.12.3}{\376\377\006\063\006\047\006\056\006\052\006\047\006\061\000\040\006\047\006\054\006\061\006\047\006\314\006\314\000\040\006\110\000\040\006\061\006\110\006\106\006\057\000\040\006\064\006\050\006\314\006\107\040\014\006\063\006\047\006\062\006\314}{subsection.7.12}% 135
\BOOKMARK [3][-]{subsubsection.7.12.4}{\376\377\006\105\006\057\006\314\006\061\006\314\006\052\000\040\006\047\006\063\006\052\006\053\006\106\006\047\006\046\006\047\006\052\000\040\006\110\000\040\006\176\006\047\006\251\040\014\006\063\006\047\006\062\006\314\000\040\006\105\006\106\006\047\006\050\006\071}{subsection.7.12}% 136
\BOOKMARK [1][-]{section.8}{\376\377\006\047\006\061\006\062\006\314\006\047\006\050\006\314\000\040\006\071\006\105\006\104\006\251\006\061\006\057\000\040\006\110\000\040\006\106\006\052\006\047\006\314\006\054\000\040\006\047\006\054\006\061\006\047\006\314\000\040\006\107\006\105\006\062\006\047\006\057\000\040\006\057\006\314\006\054\006\314\006\052\006\047\006\104\000\040\000\050\000E\000x\000e\000c\000u\000t\000i\000o\000n\000\040\000R\000e\000s\000u\000l\000t\000s\000\051}{}% 137
\BOOKMARK [2][-]{subsection.8.1}{\376\377\006\176\006\314\006\251\006\061\006\050\006\106\006\057\006\314\000\040\006\110\000\040\006\061\006\047\006\107\040\014\006\047\006\106\006\057\006\047\006\062\006\314\000\040\006\047\006\110\006\104\006\314\006\107\000\040\000\050\000S\000y\000s\000t\000e\000m\000\040\000I\000n\000i\000t\000i\000a\000l\000i\000z\000a\000t\000i\000o\000n\000\051}{section.8}% 138
\BOOKMARK [2][-]{subsection.8.2}{\376\377\006\052\006\055\006\104\006\314\006\104\000\040\006\176\006\047\006\314\006\176\040\014\006\104\006\047\006\314\006\106\000\040\006\047\006\063\006\052\006\106\006\052\006\047\006\054\000\040\000\050\000I\000n\000f\000e\000r\000e\000n\000c\000e\000\040\000P\000i\000p\000e\000l\000i\000n\000e\000\040\000A\000n\000a\000l\000y\000s\000i\000s\000\051}{section.8}% 139
\BOOKMARK [2][-]{subsection.8.3}{\376\377\006\107\006\105\006\257\006\047\006\105\040\014\006\063\006\047\006\062\006\314\000\040\006\063\006\047\006\314\006\050\006\061\000-\006\101\006\314\006\062\006\314\006\251\006\314\000\040\000\050\000C\000y\000b\000e\000r\000-\000P\000h\000y\000s\000i\000c\000a\000l\000\040\000S\000y\000n\000c\000h\000r\000o\000n\000i\000z\000a\000t\000i\000o\000n\000\051}{section.8}% 140
\BOOKMARK [2][-]{subsection.8.4}{\376\377\006\056\006\061\006\110\006\054\006\314\000\040\006\050\006\065\006\061\006\314\000\040\006\110\000\040\006\061\006\047\006\050\006\067\000\040\006\251\006\047\006\061\006\050\006\061\006\314\000\040\000\050\000L\000i\000v\000e\000\040\000M\000o\000n\000i\000t\000o\000r\000i\000n\000g\000\040\000U\000I\000\051}{section.8}% 141
\BOOKMARK [2][-]{subsection.8.5}{\376\377\006\054\006\105\006\071\040\014\006\050\006\106\006\057\006\314\000\040\006\047\006\054\006\061\006\047}{section.8}% 142
